
Attaching package: ‘tidyr’

The following objects are masked from ‘package:Matrix’:

    expand, pack, unpack

Warning message:
package ‘tidyr’ was built under R version 4.4.1 
Warning message:
package ‘ggplot2’ was built under R version 4.4.1 
Warning message:
package ‘vctrs’ was built under R version 4.4.1 
Registered S3 method overwritten by 'tsibble':
  method               from 
  as_tibble.grouped_df dplyr
Warning message:
package ‘fabletools’ was built under R version 4.4.1 
Warning message:
package ‘fable’ was built under R version 4.4.1 
Warning message:
package ‘feasts’ was built under R version 4.4.1 

Attaching package: ‘tsibble’

The following objects are masked from ‘package:base’:

    intersect, setdiff, union

Warning message:
package ‘tsibble’ was built under R version 4.4.1 

Attaching package: ‘lubridate’

The following object is masked from ‘package:tsibble’:

    interval

The following objects are masked from ‘package:base’:

    date, intersect, setdiff, union

Warning message:
package ‘lubridate’ was built under R version 4.4.1 

Attaching package: ‘dplyr’

The following object is masked from ‘package:vctrs’:

    data_frame

The following objects are masked from ‘package:stats’:

    filter, lag

The following objects are masked from ‘package:base’:

    intersect, setdiff, setequal, union

Warning message:
package ‘dplyr’ was built under R version 4.4.1 
Warning message:
In sqrt(diag(best$var.coef)) : NaNs produced
